This is pdfTeX, Version 3.141592653-2.6-1.40.29 (TeX Live 2026) (preloaded format=pdflatex 2026.3.31)  13 APR 2026 04:02
entering extended mode
 restricted \write18 enabled.
 %&-line parsing enabled.
**Appendix/CR_Reg_Results/fl.tex
(./Appendix/CR_Reg_Results/fl.tex
LaTeX2e <2025-11-01>
L3 programming layer <2026-03-20>

! LaTeX Error: Environment table undefined.

See the LaTeX manual or LaTeX Companion for explanation.
Type  H <return>  for immediate help.
 ...                                              
                                                  
l.5 \begin{table}
                 [!htbp] \centering
Your command was ignored.
Type  I <command> <return>  to replace it with another command,
or  <return>  to continue without it.

 
Here is how much of TeX's memory you used:
 16 strings out of 469278
 532 string characters out of 5462733
 434954 words of memory out of 5000000
 28958 multiletter control sequences out of 15000+600000
 627721 words of font info for 40 fonts, out of 8000000 for 9000
 36 hyphenation exceptions out of 8191
 12i,0n,13p,145b,16s stack positions out of 10000i,1000n,20000p,200000b,200000s
!  ==> Fatal error occurred, no output PDF file produced!
